[backblue.gif]
[fade.gif]
[index.html]
[chatgpt.com/favicon.ico]
[chatgpt.com/cdn/assets/favicon-eex17e9e.ico]
[chatgpt.com/cdn/assets/favicon-48x48-glnpepm0.webp]
[cdn.openai.com/chatgpt/share-og.png]
[chatgpt.com/cdn/assets/favicon-180x180-od45eci6.webp]
[chatgpt.com/index.html]
[chatgpt.com/cdn/assets/root-hceewa4v.css]
[chatgpt.com/cdn/assets/root-kdmspc1p.css]
[chatgpt.com/cdn/assets/favicon-l4nq08hd.svg]
[chatgpt.com/am/index.html]
[chatgpt.com/ar/index.html]
[chatgpt.com/bg-BG/index.html]
[chatgpt.com/bn-BD/index.html]
[chatgpt.com/bs-BA/index.html]
[chatgpt.com/ca-ES/index.html]
[chatgpt.com/cs-CZ/index.html]
[chatgpt.com/da-DK/index.html]
[chatgpt.com/de-DE/index.html]
[chatgpt.com/el-GR/index.html]
[chatgpt.com/es-ES/index.html]
[chatgpt.com/es-419/index.html]
[chatgpt.com/et-EE/index.html]
[chatgpt.com/fa/index.html]
[chatgpt.com/fi-FI/index.html]
[chatgpt.com/fr-FR/index.html]
[chatgpt.com/fr-CA/index.html]
[chatgpt.com/gu-IN/index.html]
[chatgpt.com/hi-IN/index.html]
[chatgpt.com/hr-HR/index.html]
